// Jest Snapshot v1, https://goo.gl/fbAQLP

exports[`form init render form 1`] = `
<div>
  <div>
    <div>
      账号
      :
      <input
        disabled={undefined}
        maxLength={undefined}
        onChange={[Function]}
        placeholder="请输入账号"
        type="text"
        value=""
      />
    </div>
    <div>
      密码
      :
      <input
        disabled={undefined}
        maxLength={undefined}
        onChange={[Function]}
        placeholder="请输入密码"
        type="password"
        value=""
      />
    </div>
  </div>
</div>
`;

exports[`form init render form of empty name 1`] = `null`;
